// Jest Snapshot v1, https://goo.gl/fbAQLP

exports[`checks rendering for ButtonPanel should render correctly 1`] = `
<div
  className="button-container"
>
  <div
    className="top-buttons"
  >
    <button
      className="basic-op"
      onClick={[Function]}
      type="button"
    >
      AC
    </button>
    <button
      className="basic-op"
      onClick={[Function]}
      type="button"
    >
      +/-
    </button>
    <button
      className="basic-op"
      onClick={[Function]}
      type="button"
    >
      %
    </button>
    <button
      className="basic-op"
      onClick={[Function]}
      type="button"
    >
      /
    </button>
  </div>
  <div
    className="second-buttons"
  >
    <button
      className="nums"
      onClick={[Function]}
      type="button"
    >
      7
    </button>
    <button
      className="nums"
      onClick={[Function]}
      type="button"
    >
      8
    </button>
    <button
      className="nums"
      onClick={[Function]}
      type="button"
    >
      9
    </button>
    <button
      className="basic-op"
      onClick={[Function]}
      type="button"
    >
      X
    </button>
  </div>
  <div
    className="third-buttons"
  >
    <button
      className="nums"
      onClick={[Function]}
      type="button"
    >
      4
    </button>
    <button
      className="nums"
      onClick={[Function]}
      type="button"
    >
      5
    </button>
    <button
      className="nums"
      onClick={[Function]}
      type="button"
    >
      6
    </button>
    <button
      className="basic-op"
      onClick={[Function]}
      type="button"
    >
      -
    </button>
  </div>
  <div
    className="fourth-buttons"
  >
    <button
      className="nums"
      onClick={[Function]}
      type="button"
    >
      1
    </button>
    <button
      className="nums"
      onClick={[Function]}
      type="button"
    >
      2
    </button>
    <button
      className="nums"
      onClick={[Function]}
      type="button"
    >
      3
    </button>
    <button
      className="basic-op"
      onClick={[Function]}
      type="button"
    >
      +
    </button>
  </div>
  <div
    className="fifth-buttons"
  >
    <button
      className="nums equal"
      onClick={[Function]}
      type="button"
    >
      0
    </button>
    <button
      className="basic-op"
      onClick={[Function]}
      type="button"
    >
      .
    </button>
    <button
      className="basic-op"
      onClick={[Function]}
      type="button"
    >
      =
    </button>
  </div>
</div>
`;
